To honour the JVM settings for this build a single-use Daemon process will be forked. For more on this, please refer to https://docs.gradle.org/8.2.1/userguide/gradle_daemon.html#sec:disabling_the_daemon in the Gradle documentation.
Daemon will be stopped at the end of the build 

> Task :core:compileKotlin FAILED
.\gradlew.bat : e: fi
le:///C:/RemoteDexter
-v2/core/src/main/kot
lin/com/remotedexter/
agent/ExecutionEngine
.kt:16:17 The 
feature "break 
continue in inline 
lambdas" is 
experimental and 
should be enabled 
explicitly
At line:1 char:1
+ .\gradlew.bat 
:core:compileKotlin 
--no-daemon 
--stacktrace > 
compile. ...
+ ~~~~~~~~~~~~~~~~~~~
~~~~~~~~~~~~~~~~~~~~~
~~~~~~~~~~~~~~~~~~~~~
~~~~~~~~
    + CategoryInfo   
           : NotSpe  
  cified: (e: file   
 :///C:/R...bled     
explicitly:Strin    
g) [], RemoteExc    
eption
    + FullyQualified 
   ErrorId : Native  
  CommandError
 

FAILURE: Build 
failed with an 
exception.

* What went wrong:
Execution failed for 
task ':core:compileKo
tlin'.
> A failure occurred 
while executing org.j
etbrains.kotlin.compi
lerRunner.GradleCompi
lerRunnerWithWorkers$
GradleKotlinCompilerW
orkAction
   > Compilation 
error. See log for 
more details

* Try:
> Run with --info or 
--debug option to 
get more log output.
> Run with --scan to 
get full insights.
> Get more help at ht
tps://help.gradle.org
.

* Exception is:
org.gradle.api.tasks.
TaskExecutionExceptio
n: Execution failed 
for task ':core:compi
leKotlin'.
	at org.gradle.api.in
ternal.tasks.executio
n.ExecuteActionsTaskE
xecuter.lambda$execut
eIfValid$1(ExecuteAct
ionsTaskExecuter.java
:149)
	at org.gradle.intern
al.Try$Failure.ifSucc
essfulOrElse(Try.java
:282)
	at org.gradle.api.in
ternal.tasks.executio
n.ExecuteActionsTaskE
xecuter.executeIfVali
d(ExecuteActionsTaskE
xecuter.java:147)
	at org.gradle.api.in
ternal.tasks.executio
n.ExecuteActionsTaskE
xecuter.execute(Execu
teActionsTaskExecuter
.java:135)
	at org.gradle.api.in
ternal.tasks.executio
n.FinalizePropertiesT
askExecuter.execute(F
inalizePropertiesTask
Executer.java:46)
	at org.gradle.api.in
ternal.tasks.executio
n.ResolveTaskExecutio
nModeExecuter.execute
(ResolveTaskExecution
ModeExecuter.java:51)
	at org.gradle.api.in
ternal.tasks.executio
n.SkipTaskWithNoActio
nsExecuter.execute(Sk
ipTaskWithNoActionsEx
ecuter.java:57)
	at org.gradle.api.in
ternal.tasks.executio
n.SkipOnlyIfTaskExecu
ter.execute(SkipOnlyI
fTaskExecuter.java:74
)
	at org.gradle.api.in
ternal.tasks.executio
n.CatchExceptionTaskE
xecuter.execute(Catch
ExceptionTaskExecuter
.java:36)
	at org.gradle.api.in
ternal.tasks.executio
n.EventFiringTaskExec
uter$1.executeTask(Ev
entFiringTaskExecuter
.java:77)
	at org.gradle.api.in
ternal.tasks.executio
n.EventFiringTaskExec
uter$1.call(EventFiri
ngTaskExecuter.java:5
5)
	at org.gradle.api.in
ternal.tasks.executio
n.EventFiringTaskExec
uter$1.call(EventFiri
ngTaskExecuter.java:5
2)
	at org.gradle.intern
al.operations.Default
BuildOperationRunner$
CallableBuildOperatio
nWorker.execute(Defau
ltBuildOperationRunne
r.java:204)
	at org.gradle.intern
al.operations.Default
BuildOperationRunner$
CallableBuildOperatio
nWorker.execute(Defau
ltBuildOperationRunne
r.java:199)
	at org.gradle.intern
al.operations.Default
BuildOperationRunner$
2.execute(DefaultBuil
dOperationRunner.java
:66)
	at org.gradle.intern
al.operations.Default
BuildOperationRunner$
2.execute(DefaultBuil
dOperationRunner.java
:59)
	at org.gradle.intern
al.operations.Default
BuildOperationRunner.
execute(DefaultBuildO
perationRunner.java:1
57)
	at org.gradle.intern
al.operations.Default
BuildOperationRunner.
execute(DefaultBuildO
perationRunner.java:5
9)
	at org.gradle.intern
al.operations.Default
BuildOperationRunner.
call(DefaultBuildOper
ationRunner.java:53)
	at org.gradle.intern
al.operations.Default
BuildOperationExecuto
r.call(DefaultBuildOp
erationExecutor.java:
73)
	at org.gradle.api.in
ternal.tasks.executio
n.EventFiringTaskExec
uter.execute(EventFir
ingTaskExecuter.java:
52)
	at org.gradle.execut
ion.plan.LocalTaskNod
eExecutor.execute(Loc
alTaskNodeExecutor.ja
va:42)
	at org.gradle.execut
ion.taskgraph.Default
TaskExecutionGraph$In
vokeNodeExecutorsActi
on.execute(DefaultTas
kExecutionGraph.java:
337)
	at org.gradle.execut
ion.taskgraph.Default
TaskExecutionGraph$In
vokeNodeExecutorsActi
on.execute(DefaultTas
kExecutionGraph.java:
324)
	at org.gradle.execut
ion.taskgraph.Default
TaskExecutionGraph$Bu
ildOperationAwareExec
utionAction.execute(D
efaultTaskExecutionGr
aph.java:317)
	at org.gradle.execut
ion.taskgraph.Default
TaskExecutionGraph$Bu
ildOperationAwareExec
utionAction.execute(D
efaultTaskExecutionGr
aph.java:303)
	at org.gradle.execut
ion.plan.DefaultPlanE
xecutor$ExecutorWorke
r.execute(DefaultPlan
Executor.java:463)
	at org.gradle.execut
ion.plan.DefaultPlanE
xecutor$ExecutorWorke
r.run(DefaultPlanExec
utor.java:380)
	at org.gradle.intern
al.concurrent.Executo
rPolicy$CatchAndRecor
dFailures.onExecute(E
xecutorPolicy.java:64
)
	at org.gradle.intern
al.concurrent.Abstrac
tManagedExecutor$1.ru
n(AbstractManagedExec
utor.java:47)
Caused by: org.gradle
.workers.internal.Def
aultWorkerExecutor$Wo
rkExecutionException:
 A failure occurred 
while executing org.j
etbrains.kotlin.compi
lerRunner.GradleCompi
lerRunnerWithWorkers$
GradleKotlinCompilerW
orkAction
	at org.gradle.worker
s.internal.DefaultWor
kerExecutor$WorkItemE
xecution.waitForCompl
etion(DefaultWorkerEx
ecutor.java:283)
	at org.gradle.intern
al.work.DefaultAsyncW
orkTracker.lambda$wai
tForItemsAndGatherFai
lures$2(DefaultAsyncW
orkTracker.java:130)
	at org.gradle.intern
al.Factories$1.create
(Factories.java:31)
	at org.gradle.intern
al.work.DefaultWorker
LeaseService.withoutL
ocks(DefaultWorkerLea
seService.java:321)
	at org.gradle.intern
al.work.DefaultWorker
LeaseService.withoutL
ocks(DefaultWorkerLea
seService.java:304)
	at org.gradle.intern
al.work.DefaultWorker
LeaseService.withoutL
ock(DefaultWorkerLeas
eService.java:309)
	at org.gradle.intern
al.work.DefaultAsyncW
orkTracker.waitForIte
msAndGatherFailures(D
efaultAsyncWorkTracke
r.java:126)
	at org.gradle.intern
al.work.DefaultAsyncW
orkTracker.waitForIte
msAndGatherFailures(D
efaultAsyncWorkTracke
r.java:92)
	at org.gradle.intern
al.work.DefaultAsyncW
orkTracker.waitForAll
(DefaultAsyncWorkTrac
ker.java:78)
	at org.gradle.intern
al.work.DefaultAsyncW
orkTracker.waitForCom
pletion(DefaultAsyncW
orkTracker.java:66)
	at org.gradle.api.in
ternal.tasks.executio
n.TaskExecution$3.run
(TaskExecution.java:2
56)
	at org.gradle.intern
al.operations.Default
BuildOperationRunner$
1.execute(DefaultBuil
dOperationRunner.java
:29)
	at org.gradle.intern
al.operations.Default
BuildOperationRunner$
1.execute(DefaultBuil
dOperationRunner.java
:26)
	at org.gradle.intern
al.operations.Default
BuildOperationRunner$
2.execute(DefaultBuil
dOperationRunner.java
:66)
	at org.gradle.intern
al.operations.Default
BuildOperationRunner$
2.execute(DefaultBuil
dOperationRunner.java
:59)
	at org.gradle.intern
al.operations.Default
BuildOperationRunner.
execute(DefaultBuildO
perationRunner.java:1
57)
	at org.gradle.intern
al.operations.Default
BuildOperationRunner.
execute(DefaultBuildO
perationRunner.java:5
9)
	at org.gradle.intern
al.operations.Default
BuildOperationRunner.
run(DefaultBuildOpera
tionRunner.java:47)
	at org.gradle.intern
al.operations.Default
BuildOperationExecuto
r.run(DefaultBuildOpe
rationExecutor.java:6
8)
	at org.gradle.api.in
ternal.tasks.executio
n.TaskExecution.execu
teAction(TaskExecutio
n.java:233)
	at org.gradle.api.in
ternal.tasks.executio
n.TaskExecution.execu
teActions(TaskExecuti
on.java:216)
	at org.gradle.api.in
ternal.tasks.executio
n.TaskExecution.execu
teWithPreviousOutputF
iles(TaskExecution.ja
va:199)
	at org.gradle.api.in
ternal.tasks.executio
n.TaskExecution.execu
te(TaskExecution.java
:166)
	at org.gradle.intern
al.execution.steps.Ex
ecuteStep.executeInte
rnal(ExecuteStep.java
:105)
	at org.gradle.intern
al.execution.steps.Ex
ecuteStep.access$000(
ExecuteStep.java:44)
	at org.gradle.intern
al.execution.steps.Ex
ecuteStep$1.call(Exec
uteStep.java:59)
	at org.gradle.intern
al.execution.steps.Ex
ecuteStep$1.call(Exec
uteStep.java:56)
	at org.gradle.intern
al.operations.Default
BuildOperationRunner$
CallableBuildOperatio
nWorker.execute(Defau
ltBuildOperationRunne
r.java:204)
	at org.gradle.intern
al.operations.Default
BuildOperationRunner$
CallableBuildOperatio
nWorker.execute(Defau
ltBuildOperationRunne
r.java:199)
	at org.gradle.intern
al.operations.Default
BuildOperationRunner$
2.execute(DefaultBuil
dOperationRunner.java
:66)
	at org.gradle.intern
al.operations.Default
BuildOperationRunner$
2.execute(DefaultBuil
dOperationRunner.java
:59)
	at org.gradle.intern
al.operations.Default
BuildOperationRunner.
execute(DefaultBuildO
perationRunner.java:1
57)
	at org.gradle.intern
al.operations.Default
BuildOperationRunner.
execute(DefaultBuildO
perationRunner.java:5
9)
	at org.gradle.intern
al.operations.Default
BuildOperationRunner.
call(DefaultBuildOper
ationRunner.java:53)
	at org.gradle.intern
al.operations.Default
BuildOperationExecuto
r.call(DefaultBuildOp
erationExecutor.java:
73)
	at org.gradle.intern
al.execution.steps.Ex
ecuteStep.execute(Exe
cuteStep.java:56)
	at org.gradle.intern
al.execution.steps.Ex
ecuteStep.execute(Exe
cuteStep.java:44)
	at org.gradle.intern
al.execution.steps.Re
movePreviousOutputsSt
ep.execute(RemovePrev
iousOutputsStep.java:
67)
	at org.gradle.intern
al.execution.steps.Re
movePreviousOutputsSt
ep.execute(RemovePrev
iousOutputsStep.java:
37)
	at org.gradle.intern
al.execution.steps.Ca
ncelExecutionStep.exe
cute(CancelExecutionS
tep.java:41)
	at org.gradle.intern
al.execution.steps.Ti
meoutStep.executeWith
outTimeout(TimeoutSte
p.java:74)
	at org.gradle.intern
al.execution.steps.Ti
meoutStep.execute(Tim
eoutStep.java:55)
	at org.gradle.intern
al.execution.steps.Cr
eateOutputsStep.execu
te(CreateOutputsStep.
java:50)
	at org.gradle.intern
al.execution.steps.Cr
eateOutputsStep.execu
te(CreateOutputsStep.
java:28)
	at org.gradle.intern
al.execution.steps.Ca
ptureStateAfterExecut
ionStep.executeDelega
teBroadcastingChanges
(CaptureStateAfterExe
cutionStep.java:100)
	at org.gradle.intern
al.execution.steps.Ca
ptureStateAfterExecut
ionStep.execute(Captu
reStateAfterExecution
Step.java:72)
	at org.gradle.intern
al.execution.steps.Ca
ptureStateAfterExecut
ionStep.execute(Captu
reStateAfterExecution
Step.java:50)
	at org.gradle.intern
al.execution.steps.Re
solveInputChangesStep
.execute(ResolveInput
ChangesStep.java:40)
	at org.gradle.intern
al.execution.steps.Re
solveInputChangesStep
.execute(ResolveInput
ChangesStep.java:29)
	at org.gradle.intern
al.execution.steps.Bu
ildCacheStep.executeW
ithoutCache(BuildCach
eStep.java:179)
	at org.gradle.intern
al.execution.steps.Bu
ildCacheStep.lambda$e
xecute$1(BuildCacheSt
ep.java:70)
	at org.gradle.intern
al.Either$Right.fold(
Either.java:175)
	at org.gradle.intern
al.execution.caching.
CachingState.fold(Cac
hingState.java:59)
	at org.gradle.intern
al.execution.steps.Bu
ildCacheStep.execute(
BuildCacheStep.java:6
8)
	at org.gradle.intern
al.execution.steps.Bu
ildCacheStep.execute(
BuildCacheStep.java:4
6)
	at org.gradle.intern
al.execution.steps.St
oreExecutionStateStep
.execute(StoreExecuti
onStateStep.java:36)
	at org.gradle.intern
al.execution.steps.St
oreExecutionStateStep
.execute(StoreExecuti
onStateStep.java:25)
	at org.gradle.intern
al.execution.steps.Re
cordOutputsStep.execu
te(RecordOutputsStep.
java:36)
	at org.gradle.intern
al.execution.steps.Re
cordOutputsStep.execu
te(RecordOutputsStep.
java:22)
	at org.gradle.intern
al.execution.steps.Sk
ipUpToDateStep.execut
eBecause(SkipUpToDate
Step.java:91)
	at org.gradle.intern
al.execution.steps.Sk
ipUpToDateStep.lambda
$execute$2(SkipUpToDa
teStep.java:55)
	at org.gradle.intern
al.execution.steps.Sk
ipUpToDateStep.execut
e(SkipUpToDateStep.ja
va:55)
	at org.gradle.intern
al.execution.steps.Sk
ipUpToDateStep.execut
e(SkipUpToDateStep.ja
va:37)
	at org.gradle.intern
al.execution.steps.Re
solveChangesStep.exec
ute(ResolveChangesSte
p.java:65)
	at org.gradle.intern
al.execution.steps.Re
solveChangesStep.exec
ute(ResolveChangesSte
p.java:36)
	at org.gradle.intern
al.execution.steps.le
gacy.MarkSnapshotting
InputsFinishedStep.ex
ecute(MarkSnapshottin
gInputsFinishedStep.j
ava:37)
	at org.gradle.intern
al.execution.steps.le
gacy.MarkSnapshotting
InputsFinishedStep.ex
ecute(MarkSnapshottin
gInputsFinishedStep.j
ava:27)
	at org.gradle.intern
al.execution.steps.Re
solveCachingStateStep
.execute(ResolveCachi
ngStateStep.java:77)
	at org.gradle.intern
al.execution.steps.Re
solveCachingStateStep
.execute(ResolveCachi
ngStateStep.java:38)
	at org.gradle.intern
al.execution.steps.Va
lidateStep.execute(Va
lidateStep.java:94)
	at org.gradle.intern
al.execution.steps.Va
lidateStep.execute(Va
lidateStep.java:49)
	at org.gradle.intern
al.execution.steps.Ca
ptureStateBeforeExecu
tionStep.execute(Capt
ureStateBeforeExecuti
onStep.java:71)
	at org.gradle.intern
al.execution.steps.Ca
ptureStateBeforeExecu
tionStep.execute(Capt
ureStateBeforeExecuti
onStep.java:45)
	at org.gradle.intern
al.execution.steps.Sk
ipEmptyWorkStep.execu
teWithNonEmptySources
(SkipEmptyWorkStep.ja
va:177)
	at org.gradle.intern
al.execution.steps.Sk
ipEmptyWorkStep.execu
te(SkipEmptyWorkStep.
java:86)
	at org.gradle.intern
al.execution.steps.Sk
ipEmptyWorkStep.execu
te(SkipEmptyWorkStep.
java:53)
	at org.gradle.intern
al.execution.steps.Re
moveUntrackedExecutio
nStateStep.execute(Re
moveUntrackedExecutio
nStateStep.java:32)
	at org.gradle.intern
al.execution.steps.Re
moveUntrackedExecutio
nStateStep.execute(Re
moveUntrackedExecutio
nStateStep.java:21)
	at org.gradle.intern
al.execution.steps.le
gacy.MarkSnapshotting
InputsStartedStep.exe
cute(MarkSnapshotting
InputsStartedStep.jav
a:38)
	at org.gradle.intern
al.execution.steps.Lo
adPreviousExecutionSt
ateStep.execute(LoadP
reviousExecutionState
Step.java:36)
	at org.gradle.intern
al.execution.steps.Lo
adPreviousExecutionSt
ateStep.execute(LoadP
reviousExecutionState
Step.java:23)
	at org.gradle.intern
al.execution.steps.Cl
eanupStaleOutputsStep
.execute(CleanupStale
OutputsStep.java:75)
	at org.gradle.intern
al.execution.steps.Cl
eanupStaleOutputsStep
.execute(CleanupStale
OutputsStep.java:41)
	at org.gradle.intern
al.execution.steps.As
signWorkspaceStep.lam
bda$execute$0(AssignW
orkspaceStep.java:32)
	at org.gradle.api.in
ternal.tasks.executio
n.TaskExecution$4.wit
hWorkspace(TaskExecut
ion.java:293)
	at org.gradle.intern
al.execution.steps.As
signWorkspaceStep.exe
cute(AssignWorkspaceS
tep.java:30)
1 actionable task: 1 executed
	at org.gradle.intern
al.execution.steps.As
signWorkspaceStep.exe
cute(AssignWorkspaceS
tep.java:21)
	at org.gradle.intern
al.execution.steps.Id
entityCacheStep.execu
te(IdentityCacheStep.
java:37)
	at org.gradle.intern
al.execution.steps.Id
entityCacheStep.execu
te(IdentityCacheStep.
java:27)
	at org.gradle.intern
al.execution.steps.Id
entifyStep.execute(Id
entifyStep.java:47)
	at org.gradle.intern
al.execution.steps.Id
entifyStep.execute(Id
entifyStep.java:34)
	at org.gradle.intern
al.execution.impl.Def
aultExecutionEngine$1
.execute(DefaultExecu
tionEngine.java:64)
	at org.gradle.api.in
ternal.tasks.executio
n.ExecuteActionsTaskE
xecuter.executeIfVali
d(ExecuteActionsTaskE
xecuter.java:146)
	at org.gradle.api.in
ternal.tasks.executio
n.ExecuteActionsTaskE
xecuter.execute(Execu
teActionsTaskExecuter
.java:135)
	at org.gradle.api.in
ternal.tasks.executio
n.FinalizePropertiesT
askExecuter.execute(F
inalizePropertiesTask
Executer.java:46)
	at org.gradle.api.in
ternal.tasks.executio
n.ResolveTaskExecutio
nModeExecuter.execute
(ResolveTaskExecution
ModeExecuter.java:51)
	at org.gradle.api.in
ternal.tasks.executio
n.SkipTaskWithNoActio
nsExecuter.execute(Sk
ipTaskWithNoActionsEx
ecuter.java:57)
	at org.gradle.api.in
ternal.tasks.executio
n.SkipOnlyIfTaskExecu
ter.execute(SkipOnlyI
fTaskExecuter.java:74
)
	at org.gradle.api.in
ternal.tasks.executio
n.CatchExceptionTaskE
xecuter.execute(Catch
ExceptionTaskExecuter
.java:36)
	at org.gradle.api.in
ternal.tasks.executio
n.EventFiringTaskExec
uter$1.executeTask(Ev
entFiringTaskExecuter
.java:77)
	at org.gradle.api.in
ternal.tasks.executio
n.EventFiringTaskExec
uter$1.call(EventFiri
ngTaskExecuter.java:5
5)
	at org.gradle.api.in
ternal.tasks.executio
n.EventFiringTaskExec
uter$1.call(EventFiri
ngTaskExecuter.java:5
2)
	at org.gradle.intern
al.operations.Default
BuildOperationRunner$
CallableBuildOperatio
nWorker.execute(Defau
ltBuildOperationRunne
r.java:204)
	at org.gradle.intern
al.operations.Default
BuildOperationRunner$
CallableBuildOperatio
nWorker.execute(Defau
ltBuildOperationRunne
r.java:199)
	at org.gradle.intern
al.operations.Default
BuildOperationRunner$
2.execute(DefaultBuil
dOperationRunner.java
:66)
	at org.gradle.intern
al.operations.Default
BuildOperationRunner$
2.execute(DefaultBuil
dOperationRunner.java
:59)
	at org.gradle.intern
al.operations.Default
BuildOperationRunner.
execute(DefaultBuildO
perationRunner.java:1
57)
	at org.gradle.intern
al.operations.Default
BuildOperationRunner.
execute(DefaultBuildO
perationRunner.java:5
9)
	at org.gradle.intern
al.operations.Default
BuildOperationRunner.
call(DefaultBuildOper
ationRunner.java:53)
	at org.gradle.intern
al.operations.Default
BuildOperationExecuto
r.call(DefaultBuildOp
erationExecutor.java:
73)
	at org.gradle.api.in
ternal.tasks.executio
n.EventFiringTaskExec
uter.execute(EventFir
ingTaskExecuter.java:
52)
	at org.gradle.execut
ion.plan.LocalTaskNod
eExecutor.execute(Loc
alTaskNodeExecutor.ja
va:42)
	at org.gradle.execut
ion.taskgraph.Default
TaskExecutionGraph$In
vokeNodeExecutorsActi
on.execute(DefaultTas
kExecutionGraph.java:
337)
	at org.gradle.execut
ion.taskgraph.Default
TaskExecutionGraph$In
vokeNodeExecutorsActi
on.execute(DefaultTas
kExecutionGraph.java:
324)
	at org.gradle.execut
ion.taskgraph.Default
TaskExecutionGraph$Bu
ildOperationAwareExec
utionAction.execute(D
efaultTaskExecutionGr
aph.java:317)
	at org.gradle.execut
ion.taskgraph.Default
TaskExecutionGraph$Bu
ildOperationAwareExec
utionAction.execute(D
efaultTaskExecutionGr
aph.java:303)
	at org.gradle.execut
ion.plan.DefaultPlanE
xecutor$ExecutorWorke
r.execute(DefaultPlan
Executor.java:463)
	at org.gradle.execut
ion.plan.DefaultPlanE
xecutor$ExecutorWorke
r.run(DefaultPlanExec
utor.java:380)
	at org.gradle.intern
al.concurrent.Executo
rPolicy$CatchAndRecor
dFailures.onExecute(E
xecutorPolicy.java:64
)
	at org.gradle.intern
al.concurrent.Abstrac
tManagedExecutor$1.ru
n(AbstractManagedExec
utor.java:47)
Caused by: org.jetbra
ins.kotlin.gradle.tas
ks.CompilationErrorEx
ception: Compilation 
error. See log for 
more details
	at org.jetbrains.kot
lin.gradle.tasks.Task
sUtilsKt.throwExcepti
onIfCompilationFailed
(tasksUtils.kt:22)
	at org.jetbrains.kot
lin.compilerRunner.Gr
adleKotlinCompilerWor
k.run(GradleKotlinCom
pilerWork.kt:144)
	at org.jetbrains.kot
lin.compilerRunner.Gr
adleCompilerRunnerWit
hWorkers$GradleKotlin
CompilerWorkAction.ex
ecute(GradleCompilerR
unnerWithWorkers.kt:7
6)
	at org.gradle.worker
s.internal.DefaultWor
kerServer.execute(Def
aultWorkerServer.java
:63)
	at org.gradle.worker
s.internal.NoIsolatio
nWorkerFactory$1$1.cr
eate(NoIsolationWorke
rFactory.java:66)
	at org.gradle.worker
s.internal.NoIsolatio
nWorkerFactory$1$1.cr
eate(NoIsolationWorke
rFactory.java:62)
	at org.gradle.intern
al.classloader.ClassL
oaderUtils.executeInC
lassloader(ClassLoade
rUtils.java:100)
	at org.gradle.worker
s.internal.NoIsolatio
nWorkerFactory$1.lamb
da$execute$0(NoIsolat
ionWorkerFactory.java
:62)
	at org.gradle.worker
s.internal.AbstractWo
rker$1.call(AbstractW
orker.java:44)
	at org.gradle.worker
s.internal.AbstractWo
rker$1.call(AbstractW
orker.java:41)
	at org.gradle.intern
al.operations.Default
BuildOperationRunner$
CallableBuildOperatio
nWorker.execute(Defau
ltBuildOperationRunne
r.java:204)
	at org.gradle.intern
al.operations.Default
BuildOperationRunner$
CallableBuildOperatio
nWorker.execute(Defau
ltBuildOperationRunne
r.java:199)
	at org.gradle.intern
al.operations.Default
BuildOperationRunner$
2.execute(DefaultBuil
dOperationRunner.java
:66)
	at org.gradle.intern
al.operations.Default
BuildOperationRunner$
2.execute(DefaultBuil
dOperationRunner.java
:59)
	at org.gradle.intern
al.operations.Default
BuildOperationRunner.
execute(DefaultBuildO
perationRunner.java:1
57)
	at org.gradle.intern
al.operations.Default
BuildOperationRunner.
execute(DefaultBuildO
perationRunner.java:5
9)
	at org.gradle.intern
al.operations.Default
BuildOperationRunner.
call(DefaultBuildOper
ationRunner.java:53)
	at org.gradle.intern
al.operations.Default
BuildOperationExecuto
r.call(DefaultBuildOp
erationExecutor.java:
73)
	at org.gradle.worker
s.internal.AbstractWo
rker.executeWrappedIn
BuildOperation(Abstra
ctWorker.java:41)
	at org.gradle.worker
s.internal.NoIsolatio
nWorkerFactory$1.exec
ute(NoIsolationWorker
Factory.java:59)
	at org.gradle.worker
s.internal.DefaultWor
kerExecutor.lambda$su
bmitWork$0(DefaultWor
kerExecutor.java:170)
	at org.gradle.intern
al.work.DefaultCondit
ionalExecutionQueue$E
xecutionRunner.runExe
cution(DefaultConditi
onalExecutionQueue.ja
va:187)
	at org.gradle.intern
al.work.DefaultCondit
ionalExecutionQueue$E
xecutionRunner.access
$700(DefaultCondition
alExecutionQueue.java
:120)
	at org.gradle.intern
al.work.DefaultCondit
ionalExecutionQueue$E
xecutionRunner$1.run(
DefaultConditionalExe
cutionQueue.java:162)
	at org.gradle.intern
al.Factories$1.create
(Factories.java:31)
	at org.gradle.intern
al.work.DefaultWorker
LeaseService.withLock
s(DefaultWorkerLeaseS
ervice.java:249)
	at org.gradle.intern
al.work.DefaultWorker
LeaseService.runAsWor
kerThread(DefaultWork
erLeaseService.java:1
09)
	at org.gradle.intern
al.work.DefaultWorker
LeaseService.runAsWor
kerThread(DefaultWork
erLeaseService.java:1
14)
	at org.gradle.intern
al.work.DefaultCondit
ionalExecutionQueue$E
xecutionRunner.runBat
ch(DefaultConditional
ExecutionQueue.java:1
57)
	at org.gradle.intern
al.work.DefaultCondit
ionalExecutionQueue$E
xecutionRunner.run(De
faultConditionalExecu
tionQueue.java:126)
	... 2 more


BUILD FAILED in 11s
